// Jest Snapshot v1, https://goo.gl/fbAQLP

exports[`AboutView.vue matches the snapshot 1`] = `
<div>
  <h1>About Us</h1>
  <p>This is the About page.</p>
</div>
`;
